PS C:\Users\HP\Desktop\任意\git_challenge> git init
Reinitialized existing Git repository in C:/Users/HP/Desktop/任 意/git_challenge/.git/
PS C:\Users\HP\Desktop\任意\git_challenge> git commit -m "1"    
On branch main           

Initial commit

Untracked files:
  (use "git add <file>..." to include in what will be committed)
        hello_world.txt

nothing added to commit but untracked files present (use "git add" to track)
PS C:\Users\HP\Desktop\任意\git_challenge> git commit -m "2"
On branch main

Initial commit

Untracked files:
  (use "git add <file>..." to include in what will be committed)
        hello_world.txt

nothing added to commit but untracked files present (use "git add" to track)
PS C:\Users\HP\Desktop\任意\git_challenge> git status
On branch main

No commits yet

Untracked files:
  (use "git add <file>..." to include in what will be committed)
        hello_world.txt

nothing added to commit but untracked files present (use "git add" to track)
PS C:\Users\HP\Desktop\任意\git_challenge> git diff [C:\Users\HP\Desktop\任意\git_challenge\hello_world.txt]
PS C:\Users\HP\Desktop\任意\git_challenge> git diff ["C:\Users\HP\Desktop\任意\git_challenge\hello_world.txt"]
PS C:\Users\HP\Desktop\任意\git_challenge> git log
fatal: your current branch 'main' does not have any commits yet
PS C:\Users\HP\Desktop\任意\git_challenge> 