PS C:\Users\HP\Desktop\git_challenge> mkdir git_challenge


    ディレクトリ: C:\Users\HP\Desktop\git_challenge


Mode                 LastWriteTime         Length Name
----                 -------------         ------ ----
d-----        2025/05/07      8:20                git_challenge       


PS C:\Users\HP\Desktop\git_challenge> cd git_challenge
PS C:\Users\HP\Desktop\git_challenge\git_challenge> git init
Initialized empty Git repository in C:/Users/HP/Desktop/git_challenge/git_challenge/.git/
PS C:\Users\HP\Desktop\git_challenge\git_challenge> git add hello_world.txt
PS C:\Users\HP\Desktop\git_challenge\git_challenge> git commit -m"hello,world!を追加"
[main (root-commit) af5c777] hello,world!を追加
 1 file changed, 0 insertions(+), 0 deletions(-)
 create mode 100644 hello_world.txt
PS C:\Users\HP\Desktop\git_challenge\git_challenge> git add hello_world.txt
PS C:\Users\HP\Desktop\git_challenge\git_challenge> git commit -m "こ んにちは、世界!を追加"
[main 985cdcf] こんにちは、世界!を追加
 1 file changed, 1 insertion(+)
PS C:\Users\HP\Desktop\git_challenge\git_challenge> git log --oneline
985cdcf (HEAD -> main) こんにちは、世界!を追加
af5c777 hello,world!を追加
PS C:\Users\HP\Desktop\git_challenge\git_challenge> 