PS C:\Users\HP\Desktop\git_challenge> mkdir git_challenge


    ディレクトリ: C:\Users\HP\Desktop\git_challenge


Mode                 LastWriteTime         Length Name
----                 -------------         ------ ----
d-----        2025/05/07      8:39                git_challenge      


PS C:\Users\HP\Desktop\git_challenge> echo hello_world.txt
hello_world.txt
PS C:\Users\HP\Desktop\git_challenge> cd git_challenge
PS C:\Users\HP\Desktop\git_challenge\git_challenge> git init
Initialized empty Git repository in C:/Users/HP/Desktop/git_challenge/git_challenge/.git/
PS C:\Users\HP\Desktop\git_challenge\git_challenge> git commit -m "Hello,world!を追加"             
[main (root-commit) 4c7a3df] Hello,world!を追加
 1 file changed, 0 insertions(+), 0 deletions(-)
 create mode 100644 hello_world.txt
PS C:\Users\HP\Desktop\git_challenge\git_challenge> git add hello_world.txt
PS C:\Users\HP\Desktop\git_challenge\git_challenge> git commit -m "こ んにちは、世界!を追加"
[main 0092eff] こんにちは、世界!を追加
 1 file changed, 2 insertions(+)
PS C:\Users\HP\Desktop\git_challenge\git_challenge> git log --oneline
0092eff (HEAD -> main) こんにちは、世界!を追加
4c7a3df Hello,world!を追加
PS C:\Users\HP\Desktop\git_challenge\git_challenge> 