PS C:\Users\HP\Desktop\任意\git_challenge> git init
Reinitialized existing Git repository in C:/Users/HP/Desktop/任意/git_challenge/.git/
PS C:\Users\HP\Desktop\任意\git_challenge> git add .
PS C:\Users\HP\Desktop\任意\git_challenge> git commit -m "1個目を追加"           
[main c970872] 1個目を追加
 1 file changed, 2 deletions(-)
PS C:\Users\HP\Desktop\任意\git_challenge> git init
Reinitialized existing Git repository in C:/Users/HP/Desktop/任意/git_challenge/.git/
PS C:\Users\HP\Desktop\任意\git_challenge> git add .
PS C:\Users\HP\Desktop\任意\git_challenge> git commit -m "2個目を追加"
[main e640a34] 2個目を追加
 1 file changed, 1 insertion(+)
PS C:\Users\HP\Desktop\任意\git_challenge> git log --oneline
e640a34 (HEAD -> main) 2個目を追加
c970872 1個目を追加
6a9617f 2
324b1dd 1
93125f6 2
b5b0508 1
bd01252 1
PS C:\Users\HP\Desktop\任意\git_challenge>